// Jest Snapshot v1, https://goo.gl/fbAQLP

exports[`c-boat-detail-tabs should set boat data when getRecord returns data 1`] = `
<c-boat-detail-tabs
  __lwc_scope_token__=""
>
  #shadow-root(open)
    <!---->
    <lightning-tabset
      __lwc_scope_token__=""
    >
      #shadow-root(open)
        <slot />
      <lightning-tab
        __lwc_scope_token__=""
      >
        #shadow-root(open)
          <slot />
        <lightning-card
          __lwc_scope_token__=""
        >
          #shadow-root(open)
            <slot />
            <slot
              name="actions"
            />
            <slot
              name="footer"
            />
            <slot
              name="title"
            />
          <lightning-record-view-form
            __lwc_scope_token__=""
          >
            #shadow-root(open)
              <slot />
            <div
              __lwc_scope_token__=""
              class="inline-field"
            >
              <lightning-output-field
                __lwc_scope_token__=""
              >
                #shadow-root(open)
                  <slot />
              </lightning-output-field>
            </div>
            <div
              __lwc_scope_token__=""
              class="inline-field"
            >
              <lightning-output-field
                __lwc_scope_token__=""
              >
                #shadow-root(open)
                  <slot />
              </lightning-output-field>
            </div>
            <div
              __lwc_scope_token__=""
              class="inline-field"
            >
              <lightning-output-field
                __lwc_scope_token__=""
              >
                #shadow-root(open)
                  <slot />
              </lightning-output-field>
            </div>
            <div
              __lwc_scope_token__=""
              class="inline-field"
            >
              <lightning-output-field
                __lwc_scope_token__=""
              >
                #shadow-root(open)
                  <slot />
              </lightning-output-field>
            </div>
          </lightning-record-view-form>
          <lightning-button
            __lwc_scope_token__=""
            slot="actions"
          >
            #shadow-root(open)
          </lightning-button>
        </lightning-card>
      </lightning-tab>
      <lightning-tab
        __lwc_scope_token__=""
      >
        #shadow-root(open)
          <slot />
        <c-boat-review
          __lwc_scope_token__=""
        >
          #shadow-root(open)
            <!---->
            <div
              __lwc_scope_token__=""
            >
              No reviews available
            </div>
            <!---->
        </c-boat-review>
      </lightning-tab>
      <lightning-tab
        __lwc_scope_token__=""
      >
        #shadow-root(open)
          <slot />
        <c-boat-add-review-form
          __lwc_scope_token__=""
        >
          #shadow-root(open)
            <lightning-card>
              #shadow-root(open)
                <slot />
                <slot
                  name="actions"
                />
                <slot
                  name="footer"
                />
                <slot
                  name="title"
                />
              <lightning-record-edit-form>
                #shadow-root(open)
                  <slot />
                <lightning-input-field>
                  #shadow-root(open)
                </lightning-input-field>
                <lightning-layout>
                  #shadow-root(open)
                    <slot />
                  <lightning-layout-item>
                    #shadow-root(open)
                      <slot />
                    <label
                      class="slds-form-element__label"
                      for="record-name-13"
                    >
                      Review Subject
                    </label>
                    <div
                      class="slds-form-element"
                    >
                      <lightning-input-field>
                        #shadow-root(open)
                      </lightning-input-field>
                    </div>
                  </lightning-layout-item>
                  <lightning-layout-item>
                    #shadow-root(open)
                      <slot />
                    <div
                      class="slds-form-element"
                    >
                      <label
                        class="slds-form-element__label"
                        for="record-name-13"
                      >
                        Rating
                      </label>
                      <div
                        class="slds-form-element__control"
                      >
                        <c-five-star-rating>
                          #shadow-root(open)
                        </c-five-star-rating>
                      </div>
                    </div>
                  </lightning-layout-item>
                  <lightning-layout-item>
                    #shadow-root(open)
                      <slot />
                    <lightning-textarea>
                      #shadow-root(open)
                    </lightning-textarea>
                  </lightning-layout-item>
                </lightning-layout>
                <div
                  class="slds-align_absolute-center"
                  style="margin-top: 5px;"
                >
                  <lightning-button>
                    #shadow-root(open)
                  </lightning-button>
                </div>
              </lightning-record-edit-form>
            </lightning-card>
        </c-boat-add-review-form>
      </lightning-tab>
    </lightning-tabset>
    <!---->
</c-boat-detail-tabs>
`;
